<?xml version="1.0" encoding="UTF-8"?>
<testsuites>
  <testsuite name="Ksfraser\Shipping\Tests\ShippingCalculatorTest" file="/home/kevin/Documents/ksf_Shipping_Core/tests/ShippingCalculatorTest.php" tests="6" assertions="14" errors="0" warnings="0" failures="0" skipped="0" time="0.009042">
    <testcase name="testRegisterAndCalculateFlatRate" class="Ksfraser\Shipping\Tests\ShippingCalculatorTest" classname="Ksfraser.Shipping.Tests.ShippingCalculatorTest" file="/home/kevin/Documents/ksf_Shipping_Core/tests/ShippingCalculatorTest.php" line="17" assertions="3" time="0.006445"/>
    <testcase name="testFreeShippingThreshold" class="Ksfraser\Shipping\Tests\ShippingCalculatorTest" classname="Ksfraser.Shipping.Tests.ShippingCalculatorTest" file="/home/kevin/Documents/ksf_Shipping_Core/tests/ShippingCalculatorTest.php" line="40" assertions="3" time="0.000557"/>
    <testcase name="testDestinationValidation" class="Ksfraser\Shipping\Tests\ShippingCalculatorTest" classname="Ksfraser.Shipping.Tests.ShippingCalculatorTest" file="/home/kevin/Documents/ksf_Shipping_Core/tests/ShippingCalculatorTest.php" line="65" assertions="2" time="0.000186"/>
    <testcase name="testPostalCodeWildcard" class="Ksfraser\Shipping\Tests\ShippingCalculatorTest" classname="Ksfraser.Shipping.Tests.ShippingCalculatorTest" file="/home/kevin/Documents/ksf_Shipping_Core/tests/ShippingCalculatorTest.php" line="90" assertions="2" time="0.000187"/>
    <testcase name="testCheapestRate" class="Ksfraser\Shipping\Tests\ShippingCalculatorTest" classname="Ksfraser.Shipping.Tests.ShippingCalculatorTest" file="/home/kevin/Documents/ksf_Shipping_Core/tests/ShippingCalculatorTest.php" line="116" assertions="3" time="0.001498"/>
    <testcase name="testDisabledMethodNotReturned" class="Ksfraser\Shipping\Tests\ShippingCalculatorTest" classname="Ksfraser.Shipping.Tests.ShippingCalculatorTest" file="/home/kevin/Documents/ksf_Shipping_Core/tests/ShippingCalculatorTest.php" line="132" assertions="1" time="0.000169"/>
  </testsuite>
</testsuites>
